// Jest Snapshot v1, https://goo.gl/fbAQLP

exports[`Header should match snapshot 1`] = `
<div>
  <div
    class="sc-acc38eb5-0 jBEmtF"
  >
    <img
      alt="Studio Ghibli logo"
      class="sc-acc38eb5-1 hxYLtv"
      height="72"
      src="/assets/studio-ghibli-logo.webp"
      width="128"
    />
    <nav>
      <a
        class="sc-acc38eb5-2 bYjima"
        href="/"
      >
        Home
      </a>
      <a
        class="sc-acc38eb5-2 iwGSMA"
        href="/favorites"
      >
        Favorites
      </a>
    </nav>
  </div>
</div>
`;
